// Jest Snapshot v1, https://goo.gl/fbAQLP

exports[`Headline renders Headline component 1`] = `
<div>
  <p>
    <strong>
      Headline
    </strong>
  </p>
  <textarea
    rows="4"
  >
    AI generated headline...
  </textarea>
  <div
    class="apbe-button-group"
  >
    <button
      class="primary"
    >
      Generate
    </button>
    <button
      class="secondary"
    >
      Icon
    </button>
  </div>
</div>
`;
