// Jest Snapshot v1, https://goo.gl/fbAQLP

exports[`Switcher renders Switcher component 1`] = `
<div>
  <p>
    <strong>
      Switch AI Provider
    </strong>
  </p>
  <p />
  <select
    data-testid="switcher"
  >
    <option
      value="OpenAI"
    >
      ChatGPT
    </option>
    <option
      value="Gemini"
    >
      Gemini
    </option>
    <option
      value="DeepSeek"
    >
      DeepSeek
    </option>
    <option
      value="Grok"
    >
      Grok
    </option>
  </select>
</div>
`;
